Las||100||100||49||82
ûûûûûûûûûûûûûûûûûûûûûûûûûûûûûûûûûûûûûûûûûûûûûûûûûûûûûûûûûûûûûûûûûûûûûûûûûûûûûûûûûûûûûûûûûûûûûûûûûûûûû
ûûûûûûûûûûûûûûûûûûûûûûûûûûûûûûûûûûûûûûûûûûûûûûûûûûûûûûûûûûûûûûûûûûûûûûûûûûûûûûûûûûûûûûûûûûûûûûûûûûûûû
ûûûûûûûûûûûûûûûûûûûûûûûûûûûûûûûûûûûûûûûûûûûûûûûûûûûûûûûûûûûûûûûûûûûûûûûûûûûûûûûûûûûûûûûûûûûûûûûûûûûûû
ûûûûûûûûûûûûûûûûûûûûûûûûûûûûûûûûûûûûûûûûûûûûûûûûûûûûûûûûûûûûûûûûûûûûûûûûûûûûûûûûûûûûûûûûûûûûûûûûûûûûû
ûûûûûûûûûûûûûûûûûûûûûûûûûûûûûûûûûûûûûûûûûûûûûûûûûûûûûûûûûûûûûûûûûûûûûûûûûûûûûûûûûûûûûûûûûûûûûûûûûûûûû
ûûûûûûûûûûûûûûûûûûûûûûûûûûûûûûûûûûûûûûûûûûûûûûûûûûûûûûûûûûûûûûûûûûûûûûûûûûûûûûûûûûûûûûûûûûûûûûûûûûûûû
ûûûûûûûûûûûûûûûûûûûûûûûûûûûûûûûûûûûûûûûûûûûûûûûûûûûûûûûûûûûûûûûûûûûûûûûûûûûûûûûûûûûûûûûûûûûûûûûûûûûûû
ûûûûûûûûûûûûûûûûûûûûûûûûûûûûûûûûûûûûûûûûûûûûûûûûûûûûûûûûûûûûûûûûûûûûûûûûûûûûûûûûûûûûûûûûûûûûûûûûûûûûû
ûûûûûûûûûûûûûûûûûûûûûûûûûûûûûûûûûûûûûûûûûûûûûûûûûûûûûûûûûûûûûûûûûûûûûûûûûûûûûûûûûûûûûûûûûûûûûûûûûûûûû
ûûûûûûûûûûûûûûûûûûûûûûûûûûûûûûûûûûûûûûûûûûûûûûûûûûûûûûûûûûûûûûûûûûûûûûûûûûûûûûûûûûûûûûûûûûûûûûûûûûûûû
ûûûûûûûûûûûûûûûûûûûûûûûûûûûûûûûûûûûûûûûûûûûûûûûûûûûûûûûûûûûûûûûûûûûûûûûûûûûûûûûûûûûûûûûûûûûûûûûûûûûûû
ûûûûûûûûûûûûûûûûûûûûûûûûûûûûûûûûûûûûûûûûûûûûûûûûûûûûûûûûûûûûûûûûûûûûûûûûûûûûûûûûûûûûûûûûûûûûûûûûûûûûû
ûûûûûûûûûûûûûûûûûûûûûûûûûûûûûûûûûûûûûûûûûûûûûûûûûûûûûûûûûûûûûûûûûûûûûûûûûûûûûûûûûûûûûûûûûûûûûûûûûûûûû
ûûûûûûûûûûûûûûûûûûûûûûûûûûûûûûûûûûûûûûûûûûûûûûûûûûûûûûûûûûû~~~תתתûûûûûûûûûûûûûûûûûûûûûûûûûûûûûûûûû
ûûûûûûûûûûûûûûûûûûûûûûûûûûûûûûûûûûûûûûûûûûûûûûûûûûûûûûûûûûתwvwvwvת~תתתûûûûûûûûûûûûûûûûûûûûûûûûûûûûûû
ûûûûûûûûûûûûûûûûûûûûûûûûûûûûûûûûûûûûûûûûûûûûûת~ת~~~ת~ת~ת~ת}|~~תתתûûûûûûûûûûûûûûûûûûûûûûûûûûû
ûûûûûûûûûûûûûûûûûûûûûûûûûûûûûûûûûûûûûûûûûû~ת}|~wvwvwv}|~wv}|~wvwvwu~~תûûûûûûûûûûûûûûûûûûûûûûûûûû
ûûûûûûתתתתûûûûûûûûûûûûûûûûûûûûûûûûת~ת~~wv}vwv~ת~}vwvת}vwvת~~wvwu~תûûûûûûûûûûûûûûûûûûûûûûûûû
~תת~~~תתתûûûûûûûûûûûûûûûû~תת~wu~wvwv~wvת~wvתwvwvתתתתwvת~תwvwv~תwv~ûûûûûûûûûûûûûûûûûûûûûûûû
wv~wvwvwvת~תûûûûûתתת~ûת~}|~תwvתwv~ת}|~תתwu~~~~ת~ת~}|~תת~wvת~wvûûûûûûûûûûûûûûûûûûûûûûûû
תתwv~~ת~wv~~ת~~wvתתwvwvwvת~תת}|~wvwv~תwvwvwvwu~wvתwvwvwv~wv~תwvת~ûûûûûûûûûûûûûûûûûûûûûûû
~תתwvwv}|~תwvwvתwvwvת~תתת~ת~wvת}vwvת~תwvתתתתתתתתwvתתת~~~wvתתwvתתת}|~~ûûûûûûûûûûûûûûûûûûûû
}|~ת~תתwvwvת~~תת~תתwvת~wv}|~תתwvת~תwvתתתûûûûûûûûûûûûתwvwvwvת~תתת~}vwvwvתûûûûûûûûûûûûûûûûûûû
vwv}|~ת~תתתwvwvת}|~תתת}|~תwvwv~ת~wvתתûûûûûûûûûûûûûûת~תwv~תwvwv~~תתתûûûûûûûûûûûûûûûûûû
ûתתwvwvתwv~ת~~}vwv~}vwvתתתתתwvתwvûûûûûû
üüüüüüûûûûwvתûûwvתתת~wvwv~תûûûûûûûûûûûûûûûûûû
ûûûתתת~תתwvתwvwvwvתתתwvwvתתûûתûûûûûûûûûû
üüüüüüüüüüüûûûתûûûûû~}|~~תwvתתûûûûûûûûûûûûûûûûû
ûûûûûתwvתתûתûûûûûûûûתûûûûûûûûûûûûûûûû
üüüüüûûûûüüüûûûûûûwvwvwvwv~~ûûûûûûûûûûûûûûûûûû
ûûûûûûûתתûûûûûûûûûûûûûûûûûûûûû
üüüüüûûûûûתת~תûûûüüüûûûûûת~ת~~wvwvûûûûûûûûûûûûûûûûûû
ûûûûûûûûûûûûû
üüüüüüüüûû~תû~~}|~תûûûûûüüûûûûתwvתwvwu~~תûûûûûûûûûûûûûûûûûû
üüüüü
üüüüüü
üüüüüüüûûûûתתwv~wvwvwvwv~תתûתûûüûûû~ת~תתwvwvתûûûûûûûûûûתתûûûûûû
üüüüüüüüüüüüüüüüüûûûûûûûûûתת~תתwv~ת~תת}|~~תתûû
üûûûwv}|~~ת~~תתûûûûûת~תתûûûûû
ûûûûûûûûûûûûûûûת~ת~תתת}|~תתתwv}|~תwvwvwvת~ת
üüû~}vwvwu~wvwu~ת~ת~תwvתûûûûûû
ûûûûûûûûûûûûûûûûûûûûûûûûûûûûתתת~wvתwu~ת}vwvת~תתwvwv~ת~תתתwvûûüûwvwvת~תwv~תwv}|~wvתתתûûûûûûû
~תת~תת~תûתת~תûתת~תת~~~}|~~תwvתwv~ת}|~~תת}|~wvת~תתûû
üû~תת}|~~wvתתתwvwvת~תûûûûûûûû
}|~תwv~wvתתת}|~תת}|~תwvwvwvwvwvwu~ת~תתwv}vwvwvת}vwv~תwu~ûûû
üûwvת}vwvwv~~תתתתת}|~תûûûû
vwv~תwv~~}vwvת}vwvתת~ת~~תתתwvתwvת~תwvת~תתתwv~}|~תwvûû
üüû~תwvת~תתwvwv~~}vwvûû
üüü
~תwvת~wvwvwv~תתwv~ת~wu~wvwvת~תתתתת}|~ת~wu~~תתwvwvwv~תתû
üûתwv~~wu~~ת~wvwvwvתûû
üüüü
wv~ת}|~~תת}|~~}|~wu~wvתûûûûwu~~ת}vwvתwvתwvwv~ת~~}|~תû
üüûûתwvwvתwvwvתwv~~תתûû
üüüûû
~wv}vwvwu~תwvwvwvwvwvתwvûûûûûûûûwvwvתwv~תת~~~}|~wvwvwvwv~ûüûûûתת~תתתת~תתwvwvתûû
üüûת~û
wv~wvת~תwv~~תûûûûûûûûûûûûûûûûûûûûûûת}|~תwvwvwvwvwvת~תת~תwvû
üüûûûתwu~ת~wvת~תתתûû
üüûתת}|~
~תwvתתתwv~תwvwvûûûûûûûûûûûûûûûûûûûûûûûûwvwvתûûûûתת~~}|~תwvתתתûûüûûûתתwv}|~ת}u~תû
üüû~תwvwv
vתתתûûתתתwvתתתûûûûûûûûûûûûûûûûûûûûûûûûûûûûûûûûûûûûûwvwvwvwvתתת~תûû
üûûת~תתwvwvתwvwvû
üüû}|~~~
ûûûûûûûûûûûûûûûûûûûûûûûûûûûûûûûûûûûûûûûûûûûûûûûûûûûûûûû~תת~תwv~û
üûû}|~~תת~~תûû
üûûûwvwvwvwv
ûûûûûûûûûûûûûûûûûûûûûûûûûûûûûûûûûûûûûûûûûûûûûûûûûûûûûûûwv~wu~~wvû
üüûwvwvwv~wvwvתû
üüûû~ת~~תת
ûûûûûûûûûûûûûûûûûûûûûûûûûûûûûûûûûûûûûûûûûûûûûûûûûûûûûûûûתwvתwvwvתûûûüûת~ת~wu~תתתתû
üûû}|~wvwvתû
ûûûûûûûûûûûûûûûûûûûûûûûûûûûûûûûûûûûûûûûûûûûûûûûûûûûûûûûת~תתתתתתûûû
üûûûwvתwu~wv~תû
üüûûwvwvת~תתû
ûûûûûûûûûûûûûûûûûûûûûûûûûûûûûûûûûûûûûûûûûûûûûûûûûûûûûû~wv~~ûûû
üüûûתתתתתwvתתwvû
üüûû~תתת}|~תû
ûûûûûûûûûûûûûûûûûûûûûûûûûûûûûûûûûû~תûûûûûûûûûûûûûûûû}|~תwvwvûû
üüüûûת~ת~ת~תתתû
üûûûwv~תwvwvûû
ûûûûûûûûûûûûûûûûûûûûûûûûûûûûûûûת~wvת~ûתûûûûûûûûûû~wvwv~תתû
üüûûû}|~wvתwvת~
üüûû~תwu~~תûûû
ûûûûûûûûûûûûûûûûûûûûûûûûûûûûûת~wvתתתwu~~ûûûûûûתת}|~~תwvûû
üüüûûûû}vwvתתת~תwv
üûûûwu~תwvwvûûûû
ûûûûûûûûûûûûûûûûûûûûûûûûûûûת~wvת~ת~wvwvתת~~ת}vwvwu~~ת
üüûûûûתwvת~ת~wvתת
üüûû~wvתתתûûûûûû
ûûûûûûûûûûûûûûûûûûûûûûûûûת~wvת~wu~wu~ת~~wvwvתwv~תתwvwvû
üüûûûת~תתתwvתwvת~û
üûûתwvתûûûûûûûûûû
ûûûûûûûûûûûûûûûûûûûûûûû~תwv~תwvתwvתwvתwvwvת~תת~wv~~תû
üüüüûûתwvת~תתתת~wvû
üûûתת~ûûûûûûûûûû
ûûûûûûûûûûûûûûûûûûûûûû}|~ת}|~ת~ת~~~תתת}|~תwv~wvwvû
üüüüûתת~wv~~wu~~
üüû~wvûûûûûûûûûû
ûûûûûûûûûûûûûûûûûûûû~wvwvתwvwvתwvתwvwvwu~ת}vwvת~wu~~û
üüתûüüûתwv~wvwvתwvwvûüûwvתתûûûûûûûûûû
ûûûûûûûûûûûûûûûûûûû}|~ת~ת~~תתתתתתת~wvתwv~תתwu~wvwv
üü~תûüüûתתwu~~~ת~תû
üü~תתûûûûûûûûûû
ûûûûûûûûûûûûûûûûûûûwvwv}|~wvwvûûûûûûûwvת~ת}|~~wvתûû
üü}|~תתüüûתתwvwvwu~wv~ûüwv~תûûûûûûûûû
ûûûûûûûûûûûûûûûûûûûת~}vwvתתûûûûwvתwvwvwvתתûû
üü}vwvת~תüüûתת~~wvתתwvû
üתתwu~ûûûûûûûûû
ûûûûûûûûûûûûûûûûûûûתwvwv~תתû
üüüüüüüüûûûתת~~~ûû
üüתwvת~תwvתüüûûwvwvת~תתû
üüûתתwvûûûûûûûûû
ûûûûûûûûûûûûûûûûûûûתת~תwvתתûûüüüûûwvwvwvû
üüûתתת}|~~תûüûûת~~wvתû
üüû~ת~ûûûûûûûûû
ûûûûûûûûûûûûûûûûûûûû}|~תתתתתתת~~ûûüüüüûûת~תתû
üûת~תwvwvwvתû
üüûתwvwv~ûû
üû}|~wvûûûûûûûûû
ûûûûûûûûûûûûûûûûûûûûwvwu~תתתתתתwvwvתת~üüûwvתû
üü~wvתת~~תûûûüüûתתתתwvû
üüתwvwvתûûûûûûûûûû
ûûûûûûûûûûûûûûûûûûûûûתתwvתתתת~תתתת~wv~תüüüûתû
üüתwv~~wvwvûûûûûüתתתת~תû
üû~~תתûûûûûûûûûû
ûûûûûûûûûûûûûûûûûûûû~תתתתתתתwu~~תwvתתwvתתüüû
üüû~תwvwu~תתûûûûû
üüתתתתwvû
üüתwvwvתûûûûûûûûûûû
ûûûûûûûûûûûûûûûûûûû}u~תתתתת~wvwvתת~תתת~תûüüüüû}|~~תwv~~ûûû
üûûתתתתת
üüû~~תûûûûûûûûûûûû
ûûûûûûûûûûûûûûûûûûûwvwvתûûתwv~תת~wv~תwv~ûüüüûתwvwvwvתתתwvwvתûû
üüûûת~ת
üûתwvwvûûûûûûûûûûûûû
ûûûûûûûûûûûûûûûûûûת~תתת
üûתתwvת}|~}|~תתwvת
üüûתתתתתת~~~תתתתתûûüüûûwvû
üûתתתתתûûûûûûûûûûûûû
ûûûûûûûûûûûûûûûûûûûwv~ת
üüûתתתwvwvwvwv~ת~ûüû~ת~תwvwvwvת~ת~ûûüüûûû
üûת~~ûûûûûûûûûûûûûû
ûûûûûûûûûûûûûûûûûûûתתwv~üü~~ת~תת~wvתwvת
üתwu~wvתתתתתתת}|~wvתûûüüûû
üûתwvwvתûûûûûûûûûûûûû
ûûûûûûûûûûûûûûûûûûû~~wvתûתwvwu~wv~wvתת~תû
üתתwvתת~ת~ת}vwv~תתûûüü
üüûת~~ûûûûûûûûûûûûûû
ûûûûûûûûûûûûûûûûûûûwvwv~תתûתûûwvתתwu~~תwu~û
üûת~~wvתwvתwvתת}|~תûûûüüüû~wvwvûûûûûûûûûûûûûû
ûûûûûûûûûûûûûûûûûûת~~wu~~ת
üüûûûûתwvwvתתwvû
üûûwvwv~~~~ת}vwvתתûûûûûתwv~תûûûûûûûûûûûûûûû
ûûûûûûûûûûûûûûûûûûûwvwvתwvwu~ûûûûûתת~~תû
üûûתתתתwvwvwvwu~wvתת~תתûûûûûûûת~wvûûûûûûûûûûûûûûûû
ûûûûûûûûûûûûûûûûûûûתתתת~~wvתûû
üüüת}vwvת
üüûתת~~~תתûûwvת~תwu~~תתת~~wu~תûûûûûûûûûûûûûûûû
ûûûûûûûûûûûûûûûûûûû~ת}vwvת~ûûûüü
üwv~~
üû~}|}vwvתûûûûתתwv~wvwvת~wvwvתwvתûûûûûûûûûûûûûûûû
ûûûûûûûûûûûûûûûûûûûwv}|~תת}|~~ûüüûת}vwv
üûwvwvwu~תתûûûûûûûתתwv~תת}|~תתתתתתûûûûûûûûûûûûûûûûû
ûûûûûûûûûûûûûûûûûûûûתwvwv~wvwvwvתûüüüûwv~ת
üüûת~תwv~תûûûûûûûûתתwvת}vwvתתûûתûûûûûûûûûûûûûûûûûû
ûûûûûûûûûûûûûûûûûûûûûûûתתwvתתתת~~תûûת}v~ü~wvת~wvתתûûûûûûûûûûתתwvתתתתûûûûûûûûûûûûûûûûûûûûûû
ûûûûûûûûûûûûûûûûûûûûûûûûת~~~wvwv~û~wu~wv
üwvתת}vתתתûûûûûûûûûûûûûתתתûûûûûûûûûûûûûûûûûûûûûûûûû
ûûûûûûûûûûûûûûûûûûûûûûûûתwvw|}vתתתתwvû‡†wv}|~ת
üüתת}vת~תûûûûûûûûûûûûûûûûûûûûûûûûûûûûûûûûûûûûûûûûû
ûûûûûûûûûûûûûûûûûûûûûûûûûת~wvת~ת~~ûת}|}vתûüת}vת}v~ûûûûûûûûûûûûûûûûûûûûûûûûûûûûûûûûûûûûûûûû
ûûûûûûûûûûûûûûûûûûûûûûûûûûwu~ת}|~wvwv~תwvwv~û
üתwvתתwvתwvûûûûûûûûûûûûûûûûûûûûûûûûûûûûûûûûûûûûûûûû
ûûûûûûûûûûûûûûûûûûûûûûûûûûûwvתwvwvתתתתwvתתת~wvû
üü~ת~ת~תûûûûûûûûûûûûûûûûûûûûûûûûûûûûûûûûûûûûûûûû
ûûûûûûûûûûûûûûûûûûûûûûûûûûûûתתתתתתûûûû~~תwvתתתûüwvתwv}vתûûûûûûûûûûûûûûûûûûûûûûûûûûûûûûûûûûûûûûûû
ûûûûûûûûûûûûûûûûûûûûûûûûûûûûûûûûûûûûûûwvw|~~~ת
üüû~ת}u~תûûûûûûûûûûûûûûûûûûûûûûûûûûûûûûûûûûûûûûûû
ûûûûûûûûûûûûûûûûûûûûûûûûûûûûûûûûûûûûûûûת}vw|}v
üüûûwv}u}vתûûûûûûûûûûûûûûûûûûûûûûûûûûûûûûûûûûûûûûûû
ûûûûûûûûûûûûûûûûûûûûûûûûûûûûûûûûûûûûûûת}vתתwvת
üûûתתתwvwv~ûûûûûûûûûûûûûûûûûûûûûûûûûûûûûûûûûûûûûûûû
ûûûûûûûûûûûûûûûûûûûûûûûûûûûûûûûûûûûûûûתwvתת~ûû
üûûת~ת~תwvתûûûûûûûûûûûûûûûûûûûûûûûûûûûûûûûûûûûûûûû
ûûûûûûûûûûûûûûûûûûûûûûûûûûûûûûûûûûûûûûת~~wvûû
üüתתwvתw|~~תûûûûûûûûûûûûûûûûûûûûûûûûûûûûûûûûûûûûûûû
ûûûûûûûûûûûûûûûûûûûûûûûûûûûûûûûûûûûûûûתwvwvת~ûûüûתתת~w|}vûûûûûûûûûûûûûûûûûûûûûûûûûûûûûûûûûûûûûûûû
ûûûûûûûûûûûûûûûûûûûûûûûûûûûûûûûûûûûûûûû~~}vûû
üüûת}v}vתûûûûûûûûûûûûûûûûûûûûûûûûûûûûûûûûûûûûûûûû
ûûûûûûûûûûûûûûûûûûûûûûûûûûûûûûûûûûûûûûûwvwvwvתûûûüûתwvתwu~תûûûûûûûûûûûûûûûûûûûûûûûûûûûûûûûûûûûûûûûû
ûûûûûûûûûûûûûûûûûûûûûûûûûûûûûûûûûûûûûûûû~תת~תûû
üûתת~}vתûûûûûûûûûûûûûûûûûûûûûûûûûûûûûûûûûûûûûûûû
ûûûûûûûûûûûûûûûûûûûûûûûûûûûûûûûûûûûûûûûûwvת}|~ת
üüת~w|}vתûûûûûûûûûûûûûûûûûûûûûûûûûûûûûûûûûûûûûûûûû
ûûûûûûûûûûûûûûûûûûûûûûûûûûûûûûûûûûûûûûûûûת}vwvת
üûתwu~wvתûûûûûûûûûûûûûûûûûûûûûûûûûûûûûûûûûûûûûûûûûû
ûûûûûûûûûûûûûûûûûûûûûûûûûûûûûûûûûûûûûûûûûûwvתתתûûûûתתwvתûûûûûûûûûûûûûûûûûûûûûûûûûûûûûûûûûûûûûûûûûûûû
ûûûûûûûûûûûûûûûûûûûûûûûûûûûûûûûûûûûûûûûûûûûûûûûûûûûûûûûûûûûûûûûûûûûûûûûûûûûûûûûûûûûûûûûûûûûûûûûûûûûûû
ûûûûûûûûûûûûûûûûûûûûûûûûûûûûûûûûûûûûûûûûûûûûûûûûûûûûûûûûûûûûûûûûûûûûûûûûûûûûûûûûûûûûûûûûûûûûûûûûûûûûû
ûûûûûûûûûûûûûûûûûûûûûûûûûûûûûûûûûûûûûûûûûûûûûûûûûûûûûûûûûûûûûûûûûûûûûûûûûûûûûûûûûûûûûûûûûûûûûûûûûûûûû
ûûûûûûûûûûûûûûûûûûûûûûûûûûûûûûûûûûûûûûûûûûûûûûûûûûûûûûûûûûûûûûûûûûûûûûûûûûûûûûûûûûûûûûûûûûûûûûûûûûûûû
ûûûûûûûûûûûûûûûûûûûûûûûûûûûûûûûûûûûûûûûûûûûûûûûûûûûûûûûûûûûûûûûûûûûûûûûûûûûûûûûûûûûûûûûûûûûûûûûûûûûûû
